---
source: tui/src/chatwidget/tests/next_prompt_suggestion.rs
expression: normalized_backend_snapshot(terminal.backend())
---
"                                                                                "
"                                                                                "
"› run the tests                                                                 "
"                                                                                "
"  gpt-5.5 default · /tmp/project                                                "
