---
source: tui/src/chatwidget/tests/popups_and_settings.rs
expression: popup
---
  Plugins
  Browse plugins from available marketplaces.
  Installed 2 of 4 available plugins.

  [All Plugins]  Installed (2)  OpenAI Curated  Repo Marketplace  Add marketplace

  Type to search plugins
› [ ] Alpha Sync          Disabled    Space to enable; Enter view details.
  [*] Starter             Installed · OpenAI Curated · Included by default.
  [-] Bravo Search        Available · OpenAI Curated · Search docs and tickets.
  [-] Hidden Repo Plugin  Available · Repo Marketplace · Should not be shown in /plugins.

  space enable/disable · ←/→ select marketplace · enter view details · esc close
